
===================================================
[SECURITY NOTIFICATION]
To: admin@test.local
Time: 2026-08-26 06:21:09 UTC
Event: New Device/IP Login

Hello Admin Test,

A security event has been detected on your DEIMS account.

Details:
- ip_address: 127.0.0.1
- device: None

If you did not authorize this action, please contact your Super Admin immediately.
===================================================


===================================================
[SECURITY NOTIFICATION]
To: admin@test.local
Time: 2026-08-26 06:21:09 UTC
Event: MFA Enabled

Hello Admin Test,

A security event has been detected on your DEIMS account.

Details:
- status: Success

If you did not authorize this action, please contact your Super Admin immediately.
===================================================


===================================================
[SECURITY NOTIFICATION]
To: admin@test.local
Time: 2026-08-26 06:21:10 UTC
Event: Account Locked

Hello Admin Test,

A security event has been detected on your DEIMS account.

Details:
- reason: Too many failed login attempts
- duration_minutes: 15

If you did not authorize this action, please contact your Super Admin immediately.
===================================================


===================================================
[SECURITY NOTIFICATION]
To: admin@test.local
Time: 2026-08-26 06:21:11 UTC
Event: New Device/IP Login

Hello Admin Test,

A security event has been detected on your DEIMS account.

Details:
- ip_address: 127.0.0.1
- device: None

If you did not authorize this action, please contact your Super Admin immediately.
===================================================


===================================================
[SECURITY NOTIFICATION]
To: admin@test.local
Time: 2026-08-26 06:21:12 UTC
Event: New Device/IP Login

Hello Admin Test,

A security event has been detected on your DEIMS account.

Details:
- ip_address: 127.0.0.1
- device: None

If you did not authorize this action, please contact your Super Admin immediately.
===================================================


===================================================
[SECURITY NOTIFICATION]
To: admin@test.local
Time: 2026-08-26 06:21:12 UTC
Event: MFA Enabled

Hello Admin Test,

A security event has been detected on your DEIMS account.

Details:
- status: Success

If you did not authorize this action, please contact your Super Admin immediately.
===================================================


===================================================
[SECURITY NOTIFICATION]
To: admin@test.local
Time: 2026-08-26 06:21:12 UTC
Event: Recovery Codes Regenerated

Hello Admin Test,

A security event has been detected on your DEIMS account.

Details:
- status: Success

If you did not authorize this action, please contact your Super Admin immediately.
===================================================


===================================================
[SECURITY NOTIFICATION]
To: admin@test.local
Time: 2026-08-26 06:21:12 UTC
Event: New Device/IP Login

Hello Admin Test,

A security event has been detected on your DEIMS account.

Details:
- ip_address: 127.0.0.1
- device: None

If you did not authorize this action, please contact your Super Admin immediately.
===================================================


===================================================
[SECURITY NOTIFICATION]
To: admin@test.local
Time: 2026-08-26 06:22:02 UTC
Event: New Device/IP Login

Hello Admin Test,

A security event has been detected on your DEIMS account.

Details:
- ip_address: 127.0.0.1
- device: None

If you did not authorize this action, please contact your Super Admin immediately.
===================================================


===================================================
[SECURITY NOTIFICATION]
To: admin@test.local
Time: 2026-08-26 06:22:02 UTC
Event: MFA Enabled

Hello Admin Test,

A security event has been detected on your DEIMS account.

Details:
- status: Success

If you did not authorize this action, please contact your Super Admin immediately.
===================================================


===================================================
[SECURITY NOTIFICATION]
To: admin@test.local
Time: 2026-08-26 06:22:04 UTC
Event: Account Locked

Hello Admin Test,

A security event has been detected on your DEIMS account.

Details:
- reason: Too many failed login attempts
- duration_minutes: 15

If you did not authorize this action, please contact your Super Admin immediately.
===================================================


===================================================
[SECURITY NOTIFICATION]
To: admin@test.local
Time: 2026-08-26 06:22:04 UTC
Event: New Device/IP Login

Hello Admin Test,

A security event has been detected on your DEIMS account.

Details:
- ip_address: 127.0.0.1
- device: None

If you did not authorize this action, please contact your Super Admin immediately.
===================================================


===================================================
[SECURITY NOTIFICATION]
To: admin@test.local
Time: 2026-08-26 06:22:05 UTC
Event: New Device/IP Login

Hello Admin Test,

A security event has been detected on your DEIMS account.

Details:
- ip_address: 127.0.0.1
- device: None

If you did not authorize this action, please contact your Super Admin immediately.
===================================================


===================================================
[SECURITY NOTIFICATION]
To: admin@test.local
Time: 2026-08-26 06:22:05 UTC
Event: MFA Enabled

Hello Admin Test,

A security event has been detected on your DEIMS account.

Details:
- status: Success

If you did not authorize this action, please contact your Super Admin immediately.
===================================================


===================================================
[SECURITY NOTIFICATION]
To: admin@test.local
Time: 2026-08-26 06:22:05 UTC
Event: Recovery Codes Regenerated

Hello Admin Test,

A security event has been detected on your DEIMS account.

Details:
- status: Success

If you did not authorize this action, please contact your Super Admin immediately.
===================================================


===================================================
[SECURITY NOTIFICATION]
To: admin@test.local
Time: 2026-08-26 06:22:06 UTC
Event: New Device/IP Login

Hello Admin Test,

A security event has been detected on your DEIMS account.

Details:
- ip_address: 127.0.0.1
- device: None

If you did not authorize this action, please contact your Super Admin immediately.
===================================================


===================================================
[SECURITY NOTIFICATION]
To: admin@test.local
Time: 2026-08-26 06:23:07 UTC
Event: New Device/IP Login

Hello Admin Test,

A security event has been detected on your DEIMS account.

Details:
- ip_address: 127.0.0.1
- device: None

If you did not authorize this action, please contact your Super Admin immediately.
===================================================


===================================================
[SECURITY NOTIFICATION]
To: admin@test.local
Time: 2026-08-26 06:24:06 UTC
Event: New Device/IP Login

Hello Admin Test,

A security event has been detected on your DEIMS account.

Details:
- ip_address: 127.0.0.1
- device: None

If you did not authorize this action, please contact your Super Admin immediately.
===================================================


===================================================
[SECURITY NOTIFICATION]
To: admin@test.local
Time: 2026-08-26 06:24:06 UTC
Event: MFA Enabled

Hello Admin Test,

A security event has been detected on your DEIMS account.

Details:
- status: Success

If you did not authorize this action, please contact your Super Admin immediately.
===================================================


===================================================
[SECURITY NOTIFICATION]
To: admin@test.local
Time: 2026-08-26 06:24:07 UTC
Event: Account Locked

Hello Admin Test,

A security event has been detected on your DEIMS account.

Details:
- reason: Too many failed login attempts
- duration_minutes: 15

If you did not authorize this action, please contact your Super Admin immediately.
===================================================


===================================================
[SECURITY NOTIFICATION]
To: admin@test.local
Time: 2026-08-26 06:24:08 UTC
Event: New Device/IP Login

Hello Admin Test,

A security event has been detected on your DEIMS account.

Details:
- ip_address: 127.0.0.1
- device: None

If you did not authorize this action, please contact your Super Admin immediately.
===================================================


===================================================
[SECURITY NOTIFICATION]
To: admin@test.local
Time: 2026-08-26 06:24:09 UTC
Event: New Device/IP Login

Hello Admin Test,

A security event has been detected on your DEIMS account.

Details:
- ip_address: 127.0.0.1
- device: None

If you did not authorize this action, please contact your Super Admin immediately.
===================================================


===================================================
[SECURITY NOTIFICATION]
To: admin@test.local
Time: 2026-08-26 06:24:09 UTC
Event: MFA Enabled

Hello Admin Test,

A security event has been detected on your DEIMS account.

Details:
- status: Success

If you did not authorize this action, please contact your Super Admin immediately.
===================================================


===================================================
[SECURITY NOTIFICATION]
To: admin@test.local
Time: 2026-08-26 06:24:09 UTC
Event: Recovery Codes Regenerated

Hello Admin Test,

A security event has been detected on your DEIMS account.

Details:
- status: Success

If you did not authorize this action, please contact your Super Admin immediately.
===================================================


===================================================
[SECURITY NOTIFICATION]
To: admin@test.local
Time: 2026-08-26 06:24:09 UTC
Event: New Device/IP Login

Hello Admin Test,

A security event has been detected on your DEIMS account.

Details:
- ip_address: 127.0.0.1
- device: None

If you did not authorize this action, please contact your Super Admin immediately.
===================================================


===================================================
[SECURITY NOTIFICATION]
To: admin@test.local
Time: 2026-08-26 06:25:16 UTC
Event: New Device/IP Login

Hello Admin Test,

A security event has been detected on your DEIMS account.

Details:
- ip_address: 127.0.0.1
- device: None

If you did not authorize this action, please contact your Super Admin immediately.
===================================================


===================================================
[SECURITY NOTIFICATION]
To: admin@test.local
Time: 2026-08-26 06:25:16 UTC
Event: MFA Enabled

Hello Admin Test,

A security event has been detected on your DEIMS account.

Details:
- status: Success

If you did not authorize this action, please contact your Super Admin immediately.
===================================================


===================================================
[SECURITY NOTIFICATION]
To: admin@test.local
Time: 2026-08-26 06:25:18 UTC
Event: Account Locked

Hello Admin Test,

A security event has been detected on your DEIMS account.

Details:
- reason: Too many failed login attempts
- duration_minutes: 15

If you did not authorize this action, please contact your Super Admin immediately.
===================================================


===================================================
[SECURITY NOTIFICATION]
To: admin@test.local
Time: 2026-08-26 06:25:18 UTC
Event: New Device/IP Login

Hello Admin Test,

A security event has been detected on your DEIMS account.

Details:
- ip_address: 127.0.0.1
- device: None

If you did not authorize this action, please contact your Super Admin immediately.
===================================================


===================================================
[SECURITY NOTIFICATION]
To: lockout@deims.local
Time: 2026-08-26 06:25:20 UTC
Event: Account Unlocked

Hello Lockout Test,

A security event has been detected on your DEIMS account.

Details:
- unlocked_by: admin_test

If you did not authorize this action, please contact your Super Admin immediately.
===================================================


===================================================
[SECURITY NOTIFICATION]
To: admin@test.local
Time: 2026-08-26 06:25:21 UTC
Event: Password Reset Requested

Hello Admin Test,

A security event has been detected on your DEIMS account.

Details:
- reset_link: http://localhost:5173/reset-password?token=VZfK4SllG2dZ5nAzKOk969KXdyJUx_OfiJGH6NgQDMY
- expires_in: 15 minutes

If you did not authorize this action, please contact your Super Admin immediately.
===================================================


===================================================
[SECURITY NOTIFICATION]
To: admin@test.local
Time: 2026-08-26 06:25:21 UTC
Event: New Device/IP Login

Hello Admin Test,

A security event has been detected on your DEIMS account.

Details:
- ip_address: 127.0.0.1
- device: None

If you did not authorize this action, please contact your Super Admin immediately.
===================================================


===================================================
[SECURITY NOTIFICATION]
To: admin@test.local
Time: 2026-08-26 06:25:21 UTC
Event: MFA Enabled

Hello Admin Test,

A security event has been detected on your DEIMS account.

Details:
- status: Success

If you did not authorize this action, please contact your Super Admin immediately.
===================================================


===================================================
[SECURITY NOTIFICATION]
To: admin@test.local
Time: 2026-08-26 06:25:21 UTC
Event: Recovery Codes Regenerated

Hello Admin Test,

A security event has been detected on your DEIMS account.

Details:
- status: Success

If you did not authorize this action, please contact your Super Admin immediately.
===================================================


===================================================
[SECURITY NOTIFICATION]
To: admin@test.local
Time: 2026-08-26 06:25:22 UTC
Event: New Device/IP Login

Hello Admin Test,

A security event has been detected on your DEIMS account.

Details:
- ip_address: 127.0.0.1
- device: None

If you did not authorize this action, please contact your Super Admin immediately.
===================================================


===================================================
[SECURITY NOTIFICATION]
To: admin@test.local
Time: 2026-08-26 06:25:54 UTC
Event: New Device/IP Login

Hello Admin Test,

A security event has been detected on your DEIMS account.

Details:
- ip_address: 127.0.0.1
- device: None

If you did not authorize this action, please contact your Super Admin immediately.
===================================================


===================================================
[SECURITY NOTIFICATION]
To: admin@test.local
Time: 2026-08-26 06:25:54 UTC
Event: MFA Enabled

Hello Admin Test,

A security event has been detected on your DEIMS account.

Details:
- status: Success

If you did not authorize this action, please contact your Super Admin immediately.
===================================================


===================================================
[SECURITY NOTIFICATION]
To: admin@test.local
Time: 2026-08-26 06:25:55 UTC
Event: Account Locked

Hello Admin Test,

A security event has been detected on your DEIMS account.

Details:
- reason: Too many failed login attempts
- duration_minutes: 15

If you did not authorize this action, please contact your Super Admin immediately.
===================================================


===================================================
[SECURITY NOTIFICATION]
To: admin@test.local
Time: 2026-08-26 06:25:56 UTC
Event: New Device/IP Login

Hello Admin Test,

A security event has been detected on your DEIMS account.

Details:
- ip_address: 127.0.0.1
- device: None

If you did not authorize this action, please contact your Super Admin immediately.
===================================================


===================================================
[SECURITY NOTIFICATION]
To: lockout@deims.local
Time: 2026-08-26 06:25:58 UTC
Event: Account Unlocked

Hello Lockout Test,

A security event has been detected on your DEIMS account.

Details:
- unlocked_by: admin_test

If you did not authorize this action, please contact your Super Admin immediately.
===================================================


===================================================
[SECURITY NOTIFICATION]
To: admin@test.local
Time: 2026-08-26 06:25:58 UTC
Event: Password Reset Requested

Hello Admin Test,

A security event has been detected on your DEIMS account.

Details:
- reset_link: http://localhost:5173/reset-password?token=0B3uSxYnkS-IYIBc-FTL4AzGdo3gx1zvIWhoIW4dUzI
- expires_in: 15 minutes

If you did not authorize this action, please contact your Super Admin immediately.
===================================================


===================================================
[SECURITY NOTIFICATION]
To: admin@test.local
Time: 2026-08-26 06:25:58 UTC
Event: New Device/IP Login

Hello Admin Test,

A security event has been detected on your DEIMS account.

Details:
- ip_address: 127.0.0.1
- device: None

If you did not authorize this action, please contact your Super Admin immediately.
===================================================


===================================================
[SECURITY NOTIFICATION]
To: admin@test.local
Time: 2026-08-26 06:25:58 UTC
Event: MFA Enabled

Hello Admin Test,

A security event has been detected on your DEIMS account.

Details:
- status: Success

If you did not authorize this action, please contact your Super Admin immediately.
===================================================


===================================================
[SECURITY NOTIFICATION]
To: admin@test.local
Time: 2026-08-26 06:25:59 UTC
Event: Recovery Codes Regenerated

Hello Admin Test,

A security event has been detected on your DEIMS account.

Details:
- status: Success

If you did not authorize this action, please contact your Super Admin immediately.
===================================================


===================================================
[SECURITY NOTIFICATION]
To: admin@test.local
Time: 2026-08-26 06:25:59 UTC
Event: New Device/IP Login

Hello Admin Test,

A security event has been detected on your DEIMS account.

Details:
- ip_address: 127.0.0.1
- device: None

If you did not authorize this action, please contact your Super Admin immediately.
===================================================


===================================================
[SECURITY NOTIFICATION]
To: admin@test.local
Time: 2026-08-26 06:54:47 UTC
Event: New Device/IP Login

Hello Admin Test,

A security event has been detected on your DEIMS account.

Details:
- ip_address: 127.0.0.1
- device: None

If you did not authorize this action, please contact your Super Admin immediately.
===================================================


===================================================
[SECURITY NOTIFICATION]
To: admin@test.local
Time: 2026-08-26 06:54:48 UTC
Event: New Device/IP Login

Hello Admin Test,

A security event has been detected on your DEIMS account.

Details:
- ip_address: 127.0.0.1
- device: None

If you did not authorize this action, please contact your Super Admin immediately.
===================================================


===================================================
[SECURITY NOTIFICATION]
To: admin@test.local
Time: 2026-08-26 06:54:49 UTC
Event: New Device/IP Login

Hello Admin Test,

A security event has been detected on your DEIMS account.

Details:
- ip_address: 127.0.0.1
- device: None

If you did not authorize this action, please contact your Super Admin immediately.
===================================================


===================================================
[SECURITY NOTIFICATION]
To: admin@test.local
Time: 2026-08-26 06:54:49 UTC
Event: New Device/IP Login

Hello Admin Test,

A security event has been detected on your DEIMS account.

Details:
- ip_address: 127.0.0.1
- device: None

If you did not authorize this action, please contact your Super Admin immediately.
===================================================


===================================================
[SECURITY NOTIFICATION]
To: admin@test.local
Time: 2026-08-26 06:54:50 UTC
Event: New Device/IP Login

Hello Admin Test,

A security event has been detected on your DEIMS account.

Details:
- ip_address: 127.0.0.1
- device: None

If you did not authorize this action, please contact your Super Admin immediately.
===================================================


===================================================
[SECURITY NOTIFICATION]
To: admin@test.local
Time: 2026-08-26 06:54:51 UTC
Event: New Device/IP Login

Hello Admin Test,

A security event has been detected on your DEIMS account.

Details:
- ip_address: 127.0.0.1
- device: None

If you did not authorize this action, please contact your Super Admin immediately.
===================================================


===================================================
[SECURITY NOTIFICATION]
To: admin@test.local
Time: 2026-08-26 06:54:51 UTC
Event: New Device/IP Login

Hello Admin Test,

A security event has been detected on your DEIMS account.

Details:
- ip_address: 127.0.0.1
- device: None

If you did not authorize this action, please contact your Super Admin immediately.
===================================================


===================================================
[SECURITY NOTIFICATION]
To: admin@test.local
Time: 2026-08-26 06:54:52 UTC
Event: MFA Enabled

Hello Admin Test,

A security event has been detected on your DEIMS account.

Details:
- status: Success

If you did not authorize this action, please contact your Super Admin immediately.
===================================================


===================================================
[SECURITY NOTIFICATION]
To: admin@test.local
Time: 2026-08-26 06:54:53 UTC
Event: Account Locked

Hello Admin Test,

A security event has been detected on your DEIMS account.

Details:
- reason: Too many failed login attempts
- duration_minutes: 15

If you did not authorize this action, please contact your Super Admin immediately.
===================================================


===================================================
[SECURITY NOTIFICATION]
To: admin@test.local
Time: 2026-08-26 06:54:53 UTC
Event: New Device/IP Login

Hello Admin Test,

A security event has been detected on your DEIMS account.

Details:
- ip_address: 127.0.0.1
- device: None

If you did not authorize this action, please contact your Super Admin immediately.
===================================================


===================================================
[SECURITY NOTIFICATION]
To: lockout@deims.local
Time: 2026-08-26 06:54:55 UTC
Event: Account Unlocked

Hello Lockout Test,

A security event has been detected on your DEIMS account.

Details:
- unlocked_by: admin_test

If you did not authorize this action, please contact your Super Admin immediately.
===================================================


===================================================
[SECURITY NOTIFICATION]
To: admin@test.local
Time: 2026-08-26 06:54:55 UTC
Event: Password Reset Requested

Hello Admin Test,

A security event has been detected on your DEIMS account.

Details:
- reset_link: http://localhost:5173/reset-password?token=QfIM1WGNoT6vjAjaTMdfO7o6VS7XlmNhRhtIJZ5lZUk
- expires_in: 15 minutes

If you did not authorize this action, please contact your Super Admin immediately.
===================================================


===================================================
[SECURITY NOTIFICATION]
To: admin@test.local
Time: 2026-08-26 06:54:55 UTC
Event: New Device/IP Login

Hello Admin Test,

A security event has been detected on your DEIMS account.

Details:
- ip_address: 127.0.0.1
- device: None

If you did not authorize this action, please contact your Super Admin immediately.
===================================================


===================================================
[SECURITY NOTIFICATION]
To: admin@test.local
Time: 2026-08-26 06:54:56 UTC
Event: MFA Enabled

Hello Admin Test,

A security event has been detected on your DEIMS account.

Details:
- status: Success

If you did not authorize this action, please contact your Super Admin immediately.
===================================================


===================================================
[SECURITY NOTIFICATION]
To: admin@test.local
Time: 2026-08-26 06:54:56 UTC
Event: Recovery Codes Regenerated

Hello Admin Test,

A security event has been detected on your DEIMS account.

Details:
- status: Success

If you did not authorize this action, please contact your Super Admin immediately.
===================================================


===================================================
[SECURITY NOTIFICATION]
To: admin@test.local
Time: 2026-08-26 06:54:56 UTC
Event: New Device/IP Login

Hello Admin Test,

A security event has been detected on your DEIMS account.

Details:
- ip_address: 127.0.0.1
- device: None

If you did not authorize this action, please contact your Super Admin immediately.
===================================================


===================================================
[SECURITY NOTIFICATION]
To: admin@test.local
Time: 2026-08-26 07:26:10 UTC
Event: Account Locked

Hello Admin Test,

A security event has been detected on your DEIMS account.

Details:
- reason: Too many failed login attempts
- duration_minutes: 15

If you did not authorize this action, please contact your Super Admin immediately.
===================================================


===================================================
[SECURITY NOTIFICATION]
To: admin@test.local
Time: 2026-08-26 07:26:11 UTC
Event: Password Reset Requested

Hello Admin Test,

A security event has been detected on your DEIMS account.

Details:
- reset_link: http://localhost:5173/reset-password?token=6461SXjviiSiWBbtcitffSQPmg9R10aIS97yvWOS9yM
- expires_in: 15 minutes

If you did not authorize this action, please contact your Super Admin immediately.
===================================================


===================================================
[SECURITY NOTIFICATION]
To: a@t.com
Time: 2026-08-26 07:26:13 UTC
Event: Account Locked

Hello A,

A security event has been detected on your DEIMS account.

Details:
- reason: Too many failed login attempts
- duration_minutes: 15

If you did not authorize this action, please contact your Super Admin immediately.
===================================================


===================================================
[SECURITY NOTIFICATION]
To: admin@test.local
Time: 2026-08-26 07:28:05 UTC
Event: New Device/IP Login

Hello Admin Test,

A security event has been detected on your DEIMS account.

Details:
- ip_address: 127.0.0.1
- device: None

If you did not authorize this action, please contact your Super Admin immediately.
===================================================


===================================================
[SECURITY NOTIFICATION]
To: admin@test.local
Time: 2026-08-26 07:28:06 UTC
Event: New Device/IP Login

Hello Admin Test,

A security event has been detected on your DEIMS account.

Details:
- ip_address: 127.0.0.1
- device: None

If you did not authorize this action, please contact your Super Admin immediately.
===================================================


===================================================
[SECURITY NOTIFICATION]
To: admin@test.local
Time: 2026-08-26 07:28:07 UTC
Event: New Device/IP Login

Hello Admin Test,

A security event has been detected on your DEIMS account.

Details:
- ip_address: 127.0.0.1
- device: None

If you did not authorize this action, please contact your Super Admin immediately.
===================================================


===================================================
[SECURITY NOTIFICATION]
To: admin@test.local
Time: 2026-08-26 07:28:07 UTC
Event: New Device/IP Login

Hello Admin Test,

A security event has been detected on your DEIMS account.

Details:
- ip_address: 127.0.0.1
- device: None

If you did not authorize this action, please contact your Super Admin immediately.
===================================================


===================================================
[SECURITY NOTIFICATION]
To: admin@test.local
Time: 2026-08-26 07:28:08 UTC
Event: New Device/IP Login

Hello Admin Test,

A security event has been detected on your DEIMS account.

Details:
- ip_address: 127.0.0.1
- device: None

If you did not authorize this action, please contact your Super Admin immediately.
===================================================


===================================================
[SECURITY NOTIFICATION]
To: admin@test.local
Time: 2026-08-26 07:28:08 UTC
Event: New Device/IP Login

Hello Admin Test,

A security event has been detected on your DEIMS account.

Details:
- ip_address: 127.0.0.1
- device: None

If you did not authorize this action, please contact your Super Admin immediately.
===================================================


===================================================
[SECURITY NOTIFICATION]
To: admin@test.local
Time: 2026-08-26 07:28:09 UTC
Event: New Device/IP Login

Hello Admin Test,

A security event has been detected on your DEIMS account.

Details:
- ip_address: 127.0.0.1
- device: None

If you did not authorize this action, please contact your Super Admin immediately.
===================================================


===================================================
[SECURITY NOTIFICATION]
To: admin@test.local
Time: 2026-08-26 07:28:10 UTC
Event: Account Locked

Hello Admin Test,

A security event has been detected on your DEIMS account.

Details:
- reason: Too many failed login attempts
- duration_minutes: 15

If you did not authorize this action, please contact your Super Admin immediately.
===================================================


===================================================
[SECURITY NOTIFICATION]
To: admin@test.local
Time: 2026-08-26 07:28:11 UTC
Event: New Device/IP Login

Hello Admin Test,

A security event has been detected on your DEIMS account.

Details:
- ip_address: 127.0.0.1
- device: None

If you did not authorize this action, please contact your Super Admin immediately.
===================================================


===================================================
[SECURITY NOTIFICATION]
To: admin@test.local
Time: 2026-08-26 07:28:11 UTC
Event: Password Reset Requested

Hello Admin Test,

A security event has been detected on your DEIMS account.

Details:
- reset_link: http://localhost:5173/reset-password?token=Nw0kRrM97yjRhZT4oH3Eh7tKKUw5aXMph-sBv-S2XzM
- expires_in: 15 minutes

If you did not authorize this action, please contact your Super Admin immediately.
===================================================


===================================================
[SECURITY NOTIFICATION]
To: admin@test.local
Time: 2026-08-26 07:28:12 UTC
Event: New Device/IP Login

Hello Admin Test,

A security event has been detected on your DEIMS account.

Details:
- ip_address: 127.0.0.1
- device: None

If you did not authorize this action, please contact your Super Admin immediately.
===================================================


===================================================
[SECURITY NOTIFICATION]
To: admin@test.local
Time: 2026-08-26 07:28:12 UTC
Event: New Device/IP Login

Hello Admin Test,

A security event has been detected on your DEIMS account.

Details:
- ip_address: 127.0.0.1
- device: None

If you did not authorize this action, please contact your Super Admin immediately.
===================================================


===================================================
[SECURITY NOTIFICATION]
To: a@t.com
Time: 2026-08-26 07:28:14 UTC
Event: Account Locked

Hello A,

A security event has been detected on your DEIMS account.

Details:
- reason: Too many failed login attempts
- duration_minutes: 15

If you did not authorize this action, please contact your Super Admin immediately.
===================================================


===================================================
[SECURITY NOTIFICATION]
To: a@t.com
Time: 2026-08-26 07:28:14 UTC
Event: New Device/IP Login

Hello A,

A security event has been detected on your DEIMS account.

Details:
- ip_address: 127.0.0.1
- device: None

If you did not authorize this action, please contact your Super Admin immediately.
===================================================


===================================================
[SECURITY NOTIFICATION]
To: a@t.com
Time: 2026-08-26 07:28:15 UTC
Event: New Device/IP Login

Hello A,

A security event has been detected on your DEIMS account.

Details:
- ip_address: 127.0.0.1
- device: None

If you did not authorize this action, please contact your Super Admin immediately.
===================================================


===================================================
[SECURITY NOTIFICATION]
To: a@t.com
Time: 2026-08-26 07:28:15 UTC
Event: New Device/IP Login

Hello A,

A security event has been detected on your DEIMS account.

Details:
- ip_address: 127.0.0.1
- device: None

If you did not authorize this action, please contact your Super Admin immediately.
===================================================


===================================================
[SECURITY NOTIFICATION]
To: u@t.com
Time: 2026-08-26 07:28:16 UTC
Event: New Device/IP Login

Hello U,

A security event has been detected on your DEIMS account.

Details:
- ip_address: 127.0.0.1
- device: None

If you did not authorize this action, please contact your Super Admin immediately.
===================================================


===================================================
[SECURITY NOTIFICATION]
To: admin@test.local
Time: 2026-08-26 08:07:10 UTC
Event: New Device/IP Login

Hello Admin Test,

A security event has been detected on your DEIMS account.

Details:
- ip_address: 127.0.0.1
- device: None

If you did not authorize this action, please contact your Super Admin immediately.
===================================================


===================================================
[SECURITY NOTIFICATION]
To: admin@test.local
Time: 2026-08-26 08:07:11 UTC
Event: New Device/IP Login

Hello Admin Test,

A security event has been detected on your DEIMS account.

Details:
- ip_address: 127.0.0.1
- device: None

If you did not authorize this action, please contact your Super Admin immediately.
===================================================


===================================================
[SECURITY NOTIFICATION]
To: admin@test.local
Time: 2026-08-26 08:07:12 UTC
Event: New Device/IP Login

Hello Admin Test,

A security event has been detected on your DEIMS account.

Details:
- ip_address: 127.0.0.1
- device: None

If you did not authorize this action, please contact your Super Admin immediately.
===================================================


===================================================
[SECURITY NOTIFICATION]
To: admin@test.local
Time: 2026-08-26 08:07:12 UTC
Event: New Device/IP Login

Hello Admin Test,

A security event has been detected on your DEIMS account.

Details:
- ip_address: 127.0.0.1
- device: None

If you did not authorize this action, please contact your Super Admin immediately.
===================================================


===================================================
[SECURITY NOTIFICATION]
To: admin@test.local
Time: 2026-08-26 08:07:13 UTC
Event: New Device/IP Login

Hello Admin Test,

A security event has been detected on your DEIMS account.

Details:
- ip_address: 127.0.0.1
- device: None

If you did not authorize this action, please contact your Super Admin immediately.
===================================================


===================================================
[SECURITY NOTIFICATION]
To: admin@test.local
Time: 2026-08-26 08:07:13 UTC
Event: New Device/IP Login

Hello Admin Test,

A security event has been detected on your DEIMS account.

Details:
- ip_address: 127.0.0.1
- device: None

If you did not authorize this action, please contact your Super Admin immediately.
===================================================


===================================================
[SECURITY NOTIFICATION]
To: admin@test.local
Time: 2026-08-26 08:07:14 UTC
Event: New Device/IP Login

Hello Admin Test,

A security event has been detected on your DEIMS account.

Details:
- ip_address: 127.0.0.1
- device: None

If you did not authorize this action, please contact your Super Admin immediately.
===================================================


===================================================
[SECURITY NOTIFICATION]
To: admin@test.local
Time: 2026-08-26 08:07:14 UTC
Event: MFA Enabled

Hello Admin Test,

A security event has been detected on your DEIMS account.

Details:
- status: Success

If you did not authorize this action, please contact your Super Admin immediately.
===================================================


===================================================
[SECURITY NOTIFICATION]
To: admin@test.local
Time: 2026-08-26 08:07:15 UTC
Event: Account Locked

Hello Admin Test,

A security event has been detected on your DEIMS account.

Details:
- reason: Too many failed login attempts
- duration_minutes: 15

If you did not authorize this action, please contact your Super Admin immediately.
===================================================


===================================================
[SECURITY NOTIFICATION]
To: admin@test.local
Time: 2026-08-26 08:07:15 UTC
Event: New Device/IP Login

Hello Admin Test,

A security event has been detected on your DEIMS account.

Details:
- ip_address: 127.0.0.1
- device: None

If you did not authorize this action, please contact your Super Admin immediately.
===================================================


===================================================
[SECURITY NOTIFICATION]
To: lockout@deims.local
Time: 2026-08-26 08:07:16 UTC
Event: Account Unlocked

Hello Lockout Test,

A security event has been detected on your DEIMS account.

Details:
- unlocked_by: admin_test

If you did not authorize this action, please contact your Super Admin immediately.
===================================================


===================================================
[SECURITY NOTIFICATION]
To: admin@test.local
Time: 2026-08-26 08:07:17 UTC
Event: Password Reset Requested

Hello Admin Test,

A security event has been detected on your DEIMS account.

Details:
- reset_link: http://localhost:5173/reset-password?token=pgZbo_xhkrPela9gtDLqRkS4kyLhNETbvaA4M7RnEKs
- expires_in: 15 minutes

If you did not authorize this action, please contact your Super Admin immediately.
===================================================


===================================================
[SECURITY NOTIFICATION]
To: admin@test.local
Time: 2026-08-26 08:07:17 UTC
Event: New Device/IP Login

Hello Admin Test,

A security event has been detected on your DEIMS account.

Details:
- ip_address: 127.0.0.1
- device: None

If you did not authorize this action, please contact your Super Admin immediately.
===================================================


===================================================
[SECURITY NOTIFICATION]
To: admin@test.local
Time: 2026-08-26 08:07:17 UTC
Event: MFA Enabled

Hello Admin Test,

A security event has been detected on your DEIMS account.

Details:
- status: Success

If you did not authorize this action, please contact your Super Admin immediately.
===================================================


===================================================
[SECURITY NOTIFICATION]
To: admin@test.local
Time: 2026-08-26 08:07:17 UTC
Event: Recovery Codes Regenerated

Hello Admin Test,

A security event has been detected on your DEIMS account.

Details:
- status: Success

If you did not authorize this action, please contact your Super Admin immediately.
===================================================


===================================================
[SECURITY NOTIFICATION]
To: admin@test.local
Time: 2026-08-26 08:07:18 UTC
Event: New Device/IP Login

Hello Admin Test,

A security event has been detected on your DEIMS account.

Details:
- ip_address: 127.0.0.1
- device: None

If you did not authorize this action, please contact your Super Admin immediately.
===================================================


===================================================
[SECURITY NOTIFICATION]
To: a@t.com
Time: 2026-08-26 08:07:19 UTC
Event: Account Locked

Hello A,

A security event has been detected on your DEIMS account.

Details:
- reason: Too many failed login attempts
- duration_minutes: 15

If you did not authorize this action, please contact your Super Admin immediately.
===================================================


===================================================
[SECURITY NOTIFICATION]
To: a@t.com
Time: 2026-08-26 08:07:20 UTC
Event: New Device/IP Login

Hello A,

A security event has been detected on your DEIMS account.

Details:
- ip_address: 127.0.0.1
- device: None

If you did not authorize this action, please contact your Super Admin immediately.
===================================================


===================================================
[SECURITY NOTIFICATION]
To: a@t.com
Time: 2026-08-26 08:07:20 UTC
Event: New Device/IP Login

Hello A,

A security event has been detected on your DEIMS account.

Details:
- ip_address: 127.0.0.1
- device: None

If you did not authorize this action, please contact your Super Admin immediately.
===================================================


===================================================
[SECURITY NOTIFICATION]
To: a@t.com
Time: 2026-08-26 08:07:21 UTC
Event: New Device/IP Login

Hello A,

A security event has been detected on your DEIMS account.

Details:
- ip_address: 127.0.0.1
- device: None

If you did not authorize this action, please contact your Super Admin immediately.
===================================================


===================================================
[SECURITY NOTIFICATION]
To: u@t.com
Time: 2026-08-26 08:07:21 UTC
Event: New Device/IP Login

Hello U,

A security event has been detected on your DEIMS account.

Details:
- ip_address: 127.0.0.1
- device: None

If you did not authorize this action, please contact your Super Admin immediately.
===================================================


===================================================
[SECURITY NOTIFICATION]
To: admin@test.local
Time: 2026-09-04 03:45:15 UTC
Event: New Device/IP Login

Hello Admin Test,

A security event has been detected on your DEIMS account.

Details:
- ip_address: 127.0.0.1
- device: None

If you did not authorize this action, please contact your Super Admin immediately.
===================================================


===================================================
[SECURITY NOTIFICATION]
To: admin@test.local
Time: 2026-09-04 03:45:17 UTC
Event: New Device/IP Login

Hello Admin Test,

A security event has been detected on your DEIMS account.

Details:
- ip_address: 127.0.0.1
- device: None

If you did not authorize this action, please contact your Super Admin immediately.
===================================================


===================================================
[SECURITY NOTIFICATION]
To: admin@test.local
Time: 2026-09-04 03:45:18 UTC
Event: New Device/IP Login

Hello Admin Test,

A security event has been detected on your DEIMS account.

Details:
- ip_address: 127.0.0.1
- device: None

If you did not authorize this action, please contact your Super Admin immediately.
===================================================


===================================================
[SECURITY NOTIFICATION]
To: admin@test.local
Time: 2026-09-04 03:45:19 UTC
Event: New Device/IP Login

Hello Admin Test,

A security event has been detected on your DEIMS account.

Details:
- ip_address: 127.0.0.1
- device: None

If you did not authorize this action, please contact your Super Admin immediately.
===================================================


===================================================
[SECURITY NOTIFICATION]
To: admin@test.local
Time: 2026-09-04 03:45:19 UTC
Event: New Device/IP Login

Hello Admin Test,

A security event has been detected on your DEIMS account.

Details:
- ip_address: 127.0.0.1
- device: None

If you did not authorize this action, please contact your Super Admin immediately.
===================================================


===================================================
[SECURITY NOTIFICATION]
To: admin@test.local
Time: 2026-09-04 03:45:20 UTC
Event: New Device/IP Login

Hello Admin Test,

A security event has been detected on your DEIMS account.

Details:
- ip_address: 127.0.0.1
- device: None

If you did not authorize this action, please contact your Super Admin immediately.
===================================================


===================================================
[SECURITY NOTIFICATION]
To: admin@test.local
Time: 2026-09-04 03:45:21 UTC
Event: New Device/IP Login

Hello Admin Test,

A security event has been detected on your DEIMS account.

Details:
- ip_address: 127.0.0.1
- device: None

If you did not authorize this action, please contact your Super Admin immediately.
===================================================


===================================================
[SECURITY NOTIFICATION]
To: admin@test.local
Time: 2026-09-04 03:45:21 UTC
Event: MFA Enabled

Hello Admin Test,

A security event has been detected on your DEIMS account.

Details:
- status: Success

If you did not authorize this action, please contact your Super Admin immediately.
===================================================


===================================================
[SECURITY NOTIFICATION]
To: admin@test.local
Time: 2026-09-04 03:45:24 UTC
Event: Account Locked

Hello Admin Test,

A security event has been detected on your DEIMS account.

Details:
- reason: Too many failed login attempts
- duration_minutes: 15

If you did not authorize this action, please contact your Super Admin immediately.
===================================================


===================================================
[SECURITY NOTIFICATION]
To: admin@test.local
Time: 2026-09-04 03:45:24 UTC
Event: New Device/IP Login

Hello Admin Test,

A security event has been detected on your DEIMS account.

Details:
- ip_address: 127.0.0.1
- device: None

If you did not authorize this action, please contact your Super Admin immediately.
===================================================


===================================================
[SECURITY NOTIFICATION]
To: lockout@deims.local
Time: 2026-09-04 03:45:26 UTC
Event: Account Unlocked

Hello Lockout Test,

A security event has been detected on your DEIMS account.

Details:
- unlocked_by: admin_test

If you did not authorize this action, please contact your Super Admin immediately.
===================================================


===================================================
[SECURITY NOTIFICATION]
To: admin@test.local
Time: 2026-09-04 03:45:26 UTC
Event: Password Reset Requested

Hello Admin Test,

A security event has been detected on your DEIMS account.

Details:
- reset_link: http://localhost:5173/reset-password?token=2rPt2hHHEzQxxFtPW-H6t-1xF47bScJSeVmM72F9tnw
- expires_in: 15 minutes

If you did not authorize this action, please contact your Super Admin immediately.
===================================================


===================================================
[SECURITY NOTIFICATION]
To: admin@test.local
Time: 2026-09-04 03:45:27 UTC
Event: New Device/IP Login

Hello Admin Test,

A security event has been detected on your DEIMS account.

Details:
- ip_address: 127.0.0.1
- device: None

If you did not authorize this action, please contact your Super Admin immediately.
===================================================


===================================================
[SECURITY NOTIFICATION]
To: admin@test.local
Time: 2026-09-04 03:45:27 UTC
Event: MFA Enabled

Hello Admin Test,

A security event has been detected on your DEIMS account.

Details:
- status: Success

If you did not authorize this action, please contact your Super Admin immediately.
===================================================


===================================================
[SECURITY NOTIFICATION]
To: admin@test.local
Time: 2026-09-04 03:45:28 UTC
Event: Recovery Codes Regenerated

Hello Admin Test,

A security event has been detected on your DEIMS account.

Details:
- status: Success

If you did not authorize this action, please contact your Super Admin immediately.
===================================================


===================================================
[SECURITY NOTIFICATION]
To: admin@test.local
Time: 2026-09-04 03:45:28 UTC
Event: New Device/IP Login

Hello Admin Test,

A security event has been detected on your DEIMS account.

Details:
- ip_address: 127.0.0.1
- device: None

If you did not authorize this action, please contact your Super Admin immediately.
===================================================


===================================================
[SECURITY NOTIFICATION]
To: a@t.com
Time: 2026-09-04 03:45:31 UTC
Event: Account Locked

Hello A,

A security event has been detected on your DEIMS account.

Details:
- reason: Too many failed login attempts
- duration_minutes: 15

If you did not authorize this action, please contact your Super Admin immediately.
===================================================


===================================================
[SECURITY NOTIFICATION]
To: a@t.com
Time: 2026-09-04 03:45:32 UTC
Event: New Device/IP Login

Hello A,

A security event has been detected on your DEIMS account.

Details:
- ip_address: 127.0.0.1
- device: None

If you did not authorize this action, please contact your Super Admin immediately.
===================================================


===================================================
[SECURITY NOTIFICATION]
To: a@t.com
Time: 2026-09-04 03:45:33 UTC
Event: New Device/IP Login

Hello A,

A security event has been detected on your DEIMS account.

Details:
- ip_address: 127.0.0.1
- device: None

If you did not authorize this action, please contact your Super Admin immediately.
===================================================


===================================================
[SECURITY NOTIFICATION]
To: a@t.com
Time: 2026-09-04 03:45:33 UTC
Event: New Device/IP Login

Hello A,

A security event has been detected on your DEIMS account.

Details:
- ip_address: 127.0.0.1
- device: None

If you did not authorize this action, please contact your Super Admin immediately.
===================================================


===================================================
[SECURITY NOTIFICATION]
To: u@t.com
Time: 2026-09-04 03:45:34 UTC
Event: New Device/IP Login

Hello U,

A security event has been detected on your DEIMS account.

Details:
- ip_address: 127.0.0.1
- device: None

If you did not authorize this action, please contact your Super Admin immediately.
===================================================

